// Vitest Snapshot v1, https://vitest.dev/guide/snapshot.html

exports[`TextField Component > renders TextField with correct label 1`] = `
<DocumentFragment>
  <div
    class="MuiFormControl-root MuiTextField-root css-1u3bzj6-MuiFormControl-root-MuiTextField-root"
    data-testid="input"
  >
    <div
      class="MuiInputBase-root MuiOutlinedInput-root MuiInputBase-colorPrimary MuiInputBase-formControl css-j882ge-MuiInputBase-root-MuiOutlinedInput-root"
    >
      <input
        aria-invalid="false"
        class="MuiInputBase-input MuiOutlinedInput-input css-1jk99ih-MuiInputBase-input-MuiOutlinedInput-input"
        id=":r0:"
        placeholder="Search Anything"
        type="text"
        value=""
      />
      <fieldset
        aria-hidden="true"
        class="MuiOutlinedInput-notchedOutline css-1d3z3hw-MuiOutlinedInput-notchedOutline"
      >
        <legend
          class="css-gpjuor"
        >
          <span
            class="notranslate"
          >
            ​
          </span>
        </legend>
      </fieldset>
    </div>
  </div>
</DocumentFragment>
`;

exports[`TextField Component renders TextField with correct label 1`] = `
<DocumentFragment>
  <div
    class="MuiFormControl-root MuiTextField-root css-1u3bzj6-MuiFormControl-root-MuiTextField-root"
    data-testid="input"
  >
    <div
      class="MuiInputBase-root MuiOutlinedInput-root MuiInputBase-colorPrimary MuiInputBase-formControl css-j882ge-MuiInputBase-root-MuiOutlinedInput-root"
    >
      <input
        aria-invalid="false"
        class="MuiInputBase-input MuiOutlinedInput-input css-1jk99ih-MuiInputBase-input-MuiOutlinedInput-input"
        id=":r0:"
        placeholder="Search Anything"
        type="text"
        value=""
      />
      <fieldset
        aria-hidden="true"
        class="MuiOutlinedInput-notchedOutline css-1d3z3hw-MuiOutlinedInput-notchedOutline"
      >
        <legend
          class="css-gpjuor"
        >
          <span
            class="notranslate"
          >
            ​
          </span>
        </legend>
      </fieldset>
    </div>
  </div>
</DocumentFragment>
`;
